// Jest Snapshot v1, https://goo.gl/fbAQLP

exports[`Input renders correctly 1`] = `
<div
  className="container"
>
  <input
    className="form-control"
    onChange={[Function]}
    placeholder="111-1-1111-1111-1"
    required={true}
    type="text"
    value=""
  />
  <button
    className="btn btn-primary btn-space"
    onClick={[Function]}
  >
    Find book
  </button>
</div>
`;
